---
source: crates/codemap/tests/codemap_tests.rs
expression: result
---
pub struct Simple {
    pub public_field: i32
}

pub struct PublicPrivatePublic {
    pub public_field: i32,
    pub pub_field: String
}

pub enum PublicEnum {
    Variant1,
    Variant2
}

pub const CONSTANT: i32 = 42;

pub struct ImplStruct;

impl ImplStruct {
    pub fn public_method(param: i32) -> i32;
}

pub fn public_function(param: i32) -> i32;
